2026-09-23 23:50:00 [INFO    ] __main__ - Initializing database...
2026-09-23 23:50:00 [INFO    ] database.schema - Base de données initialisée : C:\Users\engue\Desktop\Projet Perso\riot-draft-pipeline\data\draft.db
2026-09-23 23:50:00 [INFO    ] __main__ - Resolving KeytedLN#EUW ...
2026-09-23 23:50:00 [INFO    ] api_client.client - Résolution Riot ID : KeytedLN#EUW
2026-09-23 23:50:02 [INFO    ] __main__ - Resolved -> PUUID: oy-OT852IuTriZt6KpDF... (gameName=KeytedLN, tagLine=EUW)
2026-09-23 23:50:02 [INFO    ] __main__ - Fetching complete match history (paginating 100/page)...
2026-09-23 23:50:02 [INFO    ] api_client.client - Page 1 fetched : 100 match IDs (total: 100)
2026-09-23 23:50:03 [INFO    ] api_client.client - Page 2 fetched : 100 match IDs (total: 200)
2026-09-23 23:50:03 [INFO    ] api_client.client - Page 3 fetched : 64 match IDs (total: 264)
2026-09-23 23:50:03 [INFO    ] __main__ - Found 264 ranked solo matches in history.
2026-09-23 23:50:03 [INFO    ] __main__ - Limiting to 10 most recent matches (--limit 10).
2026-09-23 23:50:04 [INFO    ] crawler.crawler - ✓ Match EUW1_7934308872 | 10 participants | 10 bans | v16.15.800.8073 | durée 1874s
2026-09-23 23:50:04 [INFO    ] __main__ - [   6/10] EUW1_7934308872 inserted (+10 PUUIDs discovered)
2026-09-23 23:50:05 [INFO    ] crawler.crawler - ✓ Match EUW1_7934074728 | 10 participants | 10 bans | v16.15.799.6036 | durée 1675s
2026-09-23 23:50:05 [INFO    ] __main__ - [   7/10] EUW1_7934074728 inserted (+10 PUUIDs discovered)
2026-09-23 23:50:06 [INFO    ] crawler.crawler - ✓ Match EUW1_7934035847 | 10 participants | 10 bans | v16.15.799.6036 | durée 1513s
2026-09-23 23:50:06 [INFO    ] __main__ - [   8/10] EUW1_7934035847 inserted (+10 PUUIDs discovered)
2026-09-23 23:50:06 [INFO    ] crawler.crawler - ✓ Match EUW1_7931797414 | 10 participants | 10 bans | v16.14.794.9266 | durée 2454s
2026-09-23 23:50:06 [INFO    ] __main__ - [   9/10] EUW1_7931797414 inserted (+10 PUUIDs discovered)
2026-09-23 23:50:07 [INFO    ] crawler.crawler - ✓ Match EUW1_7931744818 | 10 participants | 10 bans | v16.14.794.9266 | durée 1893s
2026-09-23 23:50:07 [INFO    ] __main__ - [  10/10] EUW1_7931744818 inserted (+10 PUUIDs discovered)
2026-09-23 23:50:07 [INFO    ] __main__ - +----------------------------------------------+
2026-09-23 23:50:07 [INFO    ] __main__ - | PLAYER FETCH SUMMARY                         |
2026-09-23 23:50:07 [INFO    ] __main__ - +----------------------------------------------+
2026-09-23 23:50:07 [INFO    ] __main__ - | Player : KeytedLN#EUW                        |
2026-09-23 23:50:07 [INFO    ] __main__ - | PUUID  : oy-OT852IuTriZt6KpDFYBA47MPuvl3cdv3... |
2026-09-23 23:50:07 [INFO    ] __main__ - +----------------------------------------------+
2026-09-23 23:50:07 [INFO    ] __main__ - | Matches found in history   :            264 |
2026-09-23 23:50:07 [INFO    ] __main__ - | Already in DB (skipped)    :              5 |
2026-09-23 23:50:07 [INFO    ] __main__ - | Newly inserted             :              5 |
2026-09-23 23:50:07 [INFO    ] __main__ - | Errors                     :              0 |
2026-09-23 23:50:07 [INFO    ] __main__ - +----------------------------------------------+
2026-09-23 23:50:07 [INFO    ] __main__ - | Total matches in DB        :           1005 |
2026-09-23 23:50:07 [INFO    ] __main__ - | Total participants in DB   :          10050 |
2026-09-23 23:50:07 [INFO    ] __main__ - +----------------------------------------------+
2026-09-23 23:51:54 [INFO    ] __main__ - Initializing database...
2026-09-23 23:51:54 [INFO    ] database.schema - Base de données initialisée : C:\Users\engue\Desktop\Projet Perso\riot-draft-pipeline\data\draft.db
2026-09-23 23:51:54 [INFO    ] __main__ - Resolving KeytedLN#EUW ...
2026-09-23 23:51:54 [INFO    ] api_client.client - Résolution Riot ID : KeytedLN#EUW
2026-09-23 23:51:55 [INFO    ] __main__ - Resolved -> PUUID: oy-OT852IuTriZt6KpDF... (gameName=KeytedLN, tagLine=EUW)
2026-09-23 23:51:55 [INFO    ] __main__ - Fetching complete match history (paginating 100/page)...
2026-09-23 23:51:56 [INFO    ] api_client.client - Page 1 fetched : 100 match IDs (total: 100)
2026-09-23 23:51:56 [INFO    ] api_client.client - Page 2 fetched : 100 match IDs (total: 200)
2026-09-23 23:51:57 [INFO    ] api_client.client - Page 3 fetched : 64 match IDs (total: 264)
2026-09-23 23:51:57 [INFO    ] __main__ - Found 264 ranked solo matches in history.
2026-09-23 23:51:58 [INFO    ] crawler.crawler - ✓ Match EUW1_7923804924 | 10 participants | 10 bans | v16.14.794.5912 | durée 1653s
2026-09-23 23:51:58 [INFO    ] __main__ - [  11/264] EUW1_7923804924 inserted (+10 PUUIDs discovered)
2026-09-23 23:51:58 [INFO    ] crawler.crawler - ✓ Match EUW1_7923771461 | 10 participants | 10 bans | v16.14.794.5912 | durée 1956s
2026-09-23 23:51:58 [INFO    ] __main__ - [  12/264] EUW1_7923771461 inserted (+10 PUUIDs discovered)
2026-09-23 23:51:59 [INFO    ] crawler.crawler - ✓ Match EUW1_7923754815 | 10 participants | 10 bans | v16.14.794.5912 | durée 316s
2026-09-23 23:51:59 [INFO    ] __main__ - [  13/264] EUW1_7923754815 inserted (+10 PUUIDs discovered)
2026-09-23 23:52:00 [INFO    ] crawler.crawler - ✓ Match EUW1_7923719929 | 10 participants | 10 bans | v16.14.794.5912 | durée 1797s
2026-09-23 23:52:00 [INFO    ] __main__ - [  14/264] EUW1_7923719929 inserted (+10 PUUIDs discovered)
2026-09-23 23:52:01 [INFO    ] crawler.crawler - ✓ Match EUW1_7904717928 | 10 participants | 10 bans | v16.13.791.5903 | durée 2028s
2026-09-23 23:52:01 [INFO    ] __main__ - [  15/264] EUW1_7904717928 inserted (+10 PUUIDs discovered)
2026-09-23 23:52:02 [INFO    ] crawler.crawler - ✓ Match EUW1_7885673143 | 10 participants | 10 bans | v16.12.786.9679 | durée 2848s
2026-09-23 23:52:02 [INFO    ] __main__ - [  16/264] EUW1_7885673143 inserted (+10 PUUIDs discovered)
2026-09-23 23:52:02 [INFO    ] crawler.crawler - ✓ Match EUW1_7885658353 | 10 participants | 10 bans | v16.12.786.9679 | durée 1820s
2026-09-23 23:52:02 [INFO    ] __main__ - [  17/264] EUW1_7885658353 inserted (+10 PUUIDs discovered)
2026-09-23 23:52:03 [INFO    ] crawler.crawler - ✓ Match EUW1_7885244876 | 10 participants | 10 bans | v16.12.786.9679 | durée 1963s
2026-09-23 23:52:03 [INFO    ] __main__ - [  18/264] EUW1_7885244876 inserted (+10 PUUIDs discovered)
2026-09-23 23:52:04 [INFO    ] crawler.crawler - ✓ Match EUW1_7885194649 | 10 participants | 10 bans | v16.12.786.9679 | durée 1762s
2026-09-23 23:52:04 [INFO    ] __main__ - [  19/264] EUW1_7885194649 inserted (+10 PUUIDs discovered)
2026-09-23 23:52:05 [INFO    ] crawler.crawler - ✓ Match EUW1_7871817300 | 10 participants | 10 bans | v16.11.781.1789 | durée 1468s
2026-09-23 23:52:05 [INFO    ] __main__ - [  20/264] EUW1_7871817300 inserted (+10 PUUIDs discovered)
2026-09-23 23:52:06 [INFO    ] crawler.crawler - ✓ Match EUW1_7871588815 | 10 participants | 10 bans | v16.11.781.1789 | durée 1658s
2026-09-23 23:52:06 [INFO    ] __main__ - [  21/264] EUW1_7871588815 inserted (+10 PUUIDs discovered)
2026-09-23 23:52:07 [INFO    ] crawler.crawler - ✓ Match EUW1_7869883335 | 10 participants | 10 bans | v16.11.781.1789 | durée 1921s
2026-09-23 23:52:07 [INFO    ] __main__ - [  22/264] EUW1_7869883335 inserted (+10 PUUIDs discovered)
2026-09-23 23:52:08 [INFO    ] crawler.crawler - ✓ Match EUW1_7846320497 | 10 participants | 10 bans | v16.9.772.8292 | durée 76s
2026-09-23 23:52:08 [INFO    ] __main__ - [  23/264] EUW1_7846320497 inserted (+10 PUUIDs discovered)
2026-09-23 23:52:08 [INFO    ] crawler.crawler - ✓ Match EUW1_7839649673 | 10 participants | 10 bans | v16.9.772.1032 | durée 2003s
2026-09-23 23:52:08 [INFO    ] __main__ - [  24/264] EUW1_7839649673 inserted (+10 PUUIDs discovered)
2026-09-23 23:52:09 [INFO    ] crawler.crawler - ✓ Match EUW1_7838819352 | 10 participants | 10 bans | v16.9.772.1032 | durée 1667s
2026-09-23 23:52:09 [INFO    ] __main__ - [  25/264] EUW1_7838819352 inserted (+10 PUUIDs discovered)
2026-09-23 23:52:10 [INFO    ] crawler.crawler - ✓ Match EUW1_7838775906 | 10 participants | 10 bans | v16.9.772.1032 | durée 2073s
2026-09-23 23:52:10 [INFO    ] __main__ - [  26/264] EUW1_7838775906 inserted (+10 PUUIDs discovered)
2026-09-23 23:52:11 [INFO    ] crawler.crawler - ✓ Match EUW1_7838733416 | 10 participants | 10 bans | v16.9.772.1032 | durée 1574s
2026-09-23 23:52:11 [INFO    ] __main__ - [  27/264] EUW1_7838733416 inserted (+10 PUUIDs discovered)
2026-09-23 23:52:12 [INFO    ] crawler.crawler - ✓ Match EUW1_7838554397 | 10 participants | 10 bans | v16.9.772.1032 | durée 2293s
2026-09-23 23:52:12 [INFO    ] __main__ - [  28/264] EUW1_7838554397 inserted (+10 PUUIDs discovered)
2026-09-23 23:52:13 [INFO    ] crawler.crawler - ✓ Match EUW1_7838205955 | 10 participants | 10 bans | v16.9.772.1032 | durée 1863s
2026-09-23 23:52:13 [INFO    ] __main__ - [  29/264] EUW1_7838205955 inserted (+10 PUUIDs discovered)
2026-09-23 23:52:13 [INFO    ] crawler.crawler - ✓ Match EUW1_7837178217 | 10 participants | 10 bans | v16.9.769.5709 | durée 1804s
2026-09-23 23:52:13 [INFO    ] __main__ - [  30/264] EUW1_7837178217 inserted (+10 PUUIDs discovered)
2026-09-23 23:52:14 [INFO    ] crawler.crawler - ✓ Match EUW1_7837140666 | 10 participants | 10 bans | v16.9.769.5709 | durée 2517s
2026-09-23 23:52:14 [INFO    ] __main__ - [  31/264] EUW1_7837140666 inserted (+10 PUUIDs discovered)
2026-09-23 23:52:15 [INFO    ] crawler.crawler - ✓ Match EUW1_7837077532 | 10 participants | 10 bans | v16.9.769.5709 | durée 2027s
2026-09-23 23:52:15 [INFO    ] __main__ - [  32/264] EUW1_7837077532 inserted (+10 PUUIDs discovered)
2026-09-23 23:52:16 [INFO    ] crawler.crawler - ✓ Match EUW1_7836469947 | 10 participants | 10 bans | v16.9.769.5709 | durée 1662s
2026-09-23 23:52:16 [INFO    ] __main__ - [  33/264] EUW1_7836469947 inserted (+10 PUUIDs discovered)
2026-09-23 23:52:16 [INFO    ] crawler.crawler - ✓ Match EUW1_7836427202 | 10 participants | 10 bans | v16.9.769.5709 | durée 2192s
2026-09-23 23:52:16 [INFO    ] __main__ - [  34/264] EUW1_7836427202 inserted (+10 PUUIDs discovered)
2026-09-23 23:52:18 [INFO    ] crawler.crawler - ✓ Match EUW1_7836391931 | 10 participants | 10 bans | v16.9.769.5709 | durée 1972s
2026-09-23 23:52:18 [INFO    ] __main__ - [  35/264] EUW1_7836391931 inserted (+10 PUUIDs discovered)
2026-09-23 23:52:19 [INFO    ] crawler.crawler - ✓ Match EUW1_7835927448 | 10 participants | 10 bans | v16.8.766.8562 | durée 1779s
2026-09-23 23:52:19 [INFO    ] __main__ - [  36/264] EUW1_7835927448 inserted (+10 PUUIDs discovered)
2026-09-23 23:52:20 [INFO    ] crawler.crawler - ✓ Match EUW1_7835884251 | 10 participants | 10 bans | v16.8.766.8562 | durée 1533s
2026-09-23 23:52:20 [INFO    ] __main__ - [  37/264] EUW1_7835884251 inserted (+10 PUUIDs discovered)
2026-09-23 23:52:21 [INFO    ] crawler.crawler - ✓ Match EUW1_7835830894 | 10 participants | 10 bans | v16.8.766.8562 | durée 1922s
2026-09-23 23:52:21 [INFO    ] __main__ - [  38/264] EUW1_7835830894 inserted (+10 PUUIDs discovered)
2026-09-23 23:52:23 [INFO    ] crawler.crawler - ✓ Match EUW1_7835392674 | 10 participants | 10 bans | v16.8.766.8562 | durée 1944s
2026-09-23 23:52:23 [INFO    ] __main__ - [  39/264] EUW1_7835392674 inserted (+10 PUUIDs discovered)
2026-09-23 23:52:24 [INFO    ] crawler.crawler - ✓ Match EUW1_7835370540 | 10 participants | 10 bans | v16.8.766.8562 | durée 1773s
2026-09-23 23:52:24 [INFO    ] __main__ - [  40/264] EUW1_7835370540 inserted (+10 PUUIDs discovered)
2026-09-23 23:52:25 [INFO    ] crawler.crawler - ✓ Match EUW1_7835352525 | 10 participants | 10 bans | v16.8.766.8562 | durée 1602s
2026-09-23 23:52:25 [INFO    ] __main__ - [  41/264] EUW1_7835352525 inserted (+10 PUUIDs discovered)
2026-09-23 23:52:26 [INFO    ] crawler.crawler - ✓ Match EUW1_7835330489 | 10 participants | 10 bans | v16.8.766.8562 | durée 1896s
2026-09-23 23:52:26 [INFO    ] __main__ - [  42/264] EUW1_7835330489 inserted (+10 PUUIDs discovered)
2026-09-23 23:52:27 [INFO    ] crawler.crawler - ✓ Match EUW1_7835055561 | 10 participants | 10 bans | v16.8.766.8562 | durée 1989s
2026-09-23 23:52:27 [INFO    ] __main__ - [  43/264] EUW1_7835055561 inserted (+10 PUUIDs discovered)
2026-09-23 23:52:28 [INFO    ] crawler.crawler - ✓ Match EUW1_7834996863 | 10 participants | 10 bans | v16.8.766.8562 | durée 2270s
2026-09-23 23:52:28 [INFO    ] __main__ - [  44/264] EUW1_7834996863 inserted (+10 PUUIDs discovered)
2026-09-23 23:52:28 [INFO    ] crawler.crawler - ✓ Match EUW1_7834916758 | 10 participants | 10 bans | v16.8.766.8562 | durée 1879s
2026-09-23 23:52:28 [INFO    ] __main__ - [  45/264] EUW1_7834916758 inserted (+10 PUUIDs discovered)
2026-09-23 23:52:29 [INFO    ] crawler.crawler - ✓ Match EUW1_7834669702 | 10 participants | 10 bans | v16.8.766.8562 | durée 2128s
2026-09-23 23:52:29 [INFO    ] __main__ - [  46/264] EUW1_7834669702 inserted (+10 PUUIDs discovered)
2026-09-23 23:52:30 [INFO    ] crawler.crawler - ✓ Match EUW1_7834623313 | 10 participants | 10 bans | v16.8.766.8562 | durée 1665s
2026-09-23 23:52:30 [INFO    ] __main__ - [  47/264] EUW1_7834623313 inserted (+10 PUUIDs discovered)
2026-09-23 23:52:31 [INFO    ] crawler.crawler - ✓ Match EUW1_7834570437 | 10 participants | 10 bans | v16.8.766.8562 | durée 2418s
2026-09-23 23:52:31 [INFO    ] __main__ - [  48/264] EUW1_7834570437 inserted (+10 PUUIDs discovered)
2026-09-23 23:52:32 [INFO    ] crawler.crawler - ✓ Match EUW1_7833877214 | 10 participants | 10 bans | v16.8.766.8562 | durée 1687s
2026-09-23 23:52:32 [INFO    ] __main__ - [  49/264] EUW1_7833877214 inserted (+10 PUUIDs discovered)
2026-09-23 23:52:33 [INFO    ] crawler.crawler - ✓ Match EUW1_7833830985 | 10 participants | 10 bans | v16.8.766.8562 | durée 1489s
2026-09-23 23:52:33 [INFO    ] __main__ - [  50/264] EUW1_7833830985 inserted (+10 PUUIDs discovered)
2026-09-23 23:52:34 [INFO    ] crawler.crawler - ✓ Match EUW1_7833820134 | 10 participants | 10 bans | v16.8.766.8562 | durée 74s
2026-09-23 23:52:34 [INFO    ] __main__ - [  51/264] EUW1_7833820134 inserted (+10 PUUIDs discovered)
2026-09-23 23:52:35 [INFO    ] crawler.crawler - ✓ Match EUW1_7831717182 | 10 participants | 10 bans | v16.8.766.8562 | durée 2843s
2026-09-23 23:52:35 [INFO    ] __main__ - [  52/264] EUW1_7831717182 inserted (+10 PUUIDs discovered)
2026-09-23 23:52:35 [INFO    ] crawler.crawler - ✓ Match EUW1_7830268437 | 10 participants | 10 bans | v16.8.766.8562 | durée 1352s
2026-09-23 23:52:35 [INFO    ] __main__ - [  53/264] EUW1_7830268437 inserted (+10 PUUIDs discovered)
2026-09-23 23:52:36 [INFO    ] crawler.crawler - ✓ Match EUW1_7818435827 | 10 participants | 10 bans | v16.7.760.9485 | durée 2084s
2026-09-23 23:52:36 [INFO    ] __main__ - [  54/264] EUW1_7818435827 inserted (+10 PUUIDs discovered)
2026-09-23 23:52:37 [INFO    ] crawler.crawler - ✓ Match EUW1_7818005560 | 10 participants | 10 bans | v16.7.760.9485 | durée 2185s
2026-09-23 23:52:37 [INFO    ] __main__ - [  55/264] EUW1_7818005560 inserted (+10 PUUIDs discovered)
2026-09-23 23:52:38 [INFO    ] crawler.crawler - ✓ Match EUW1_7817977903 | 10 participants | 10 bans | v16.7.760.9485 | durée 1860s
2026-09-23 23:52:38 [INFO    ] __main__ - [  56/264] EUW1_7817977903 inserted (+10 PUUIDs discovered)
2026-09-23 23:52:39 [INFO    ] crawler.crawler - ✓ Match EUW1_7817364344 | 10 participants | 10 bans | v16.7.760.9485 | durée 1942s
2026-09-23 23:52:39 [INFO    ] __main__ - [  57/264] EUW1_7817364344 inserted (+10 PUUIDs discovered)
2026-09-23 23:52:40 [INFO    ] crawler.crawler - ✓ Match EUW1_7814309632 | 10 participants | 10 bans | v16.7.760.9485 | durée 1653s
2026-09-23 23:52:40 [INFO    ] __main__ - [  58/264] EUW1_7814309632 inserted (+10 PUUIDs discovered)
2026-09-23 23:52:41 [INFO    ] crawler.crawler - ✓ Match EUW1_7813675547 | 10 participants | 10 bans | v16.7.760.9485 | durée 1768s
2026-09-23 23:52:41 [INFO    ] __main__ - [  59/264] EUW1_7813675547 inserted (+10 PUUIDs discovered)
2026-09-23 23:52:41 [INFO    ] crawler.crawler - ✓ Match EUW1_7813449854 | 10 participants | 10 bans | v16.7.760.9485 | durée 2227s
2026-09-23 23:52:41 [INFO    ] __main__ - [  60/264] EUW1_7813449854 inserted (+10 PUUIDs discovered)
2026-09-23 23:52:42 [INFO    ] crawler.crawler - ✓ Match EUW1_7808762065 | 10 participants | 10 bans | v16.7.760.9485 | durée 1876s
2026-09-23 23:52:42 [INFO    ] __main__ - [  61/264] EUW1_7808762065 inserted (+10 PUUIDs discovered)
2026-09-23 23:52:43 [INFO    ] crawler.crawler - ✓ Match EUW1_7806337505 | 10 participants | 10 bans | v16.7.758.4427 | durée 2606s
2026-09-23 23:52:43 [INFO    ] __main__ - [  62/264] EUW1_7806337505 inserted (+10 PUUIDs discovered)
2026-09-23 23:52:43 [INFO    ] crawler.crawler - ✓ Match EUW1_7804427006 | 10 participants | 10 bans | v16.6.756.9613 | durée 1647s
2026-09-23 23:52:43 [INFO    ] __main__ - [  63/264] EUW1_7804427006 inserted (+10 PUUIDs discovered)
2026-09-23 23:52:44 [INFO    ] crawler.crawler - ✓ Match EUW1_7795786468 | 10 participants | 10 bans | v16.6.756.931 | durée 1547s
2026-09-23 23:52:44 [INFO    ] __main__ - [  64/264] EUW1_7795786468 inserted (+10 PUUIDs discovered)
2026-09-23 23:52:45 [INFO    ] crawler.crawler - ✓ Match EUW1_7795736813 | 10 participants | 10 bans | v16.6.756.931 | durée 1404s
2026-09-23 23:52:45 [INFO    ] __main__ - [  65/264] EUW1_7795736813 inserted (+10 PUUIDs discovered)
2026-09-23 23:52:46 [INFO    ] crawler.crawler - ✓ Match EUW1_7795675392 | 10 participants | 10 bans | v16.6.756.931 | durée 1520s
2026-09-23 23:52:46 [INFO    ] __main__ - [  66/264] EUW1_7795675392 inserted (+10 PUUIDs discovered)
2026-09-23 23:52:47 [INFO    ] crawler.crawler - ✓ Match EUW1_7795608107 | 10 participants | 10 bans | v16.6.756.931 | durée 1773s
2026-09-23 23:52:47 [INFO    ] __main__ - [  67/264] EUW1_7795608107 inserted (+10 PUUIDs discovered)
2026-09-23 23:52:48 [INFO    ] crawler.crawler - ✓ Match EUW1_7791127193 | 10 participants | 10 bans | v16.6.756.931 | durée 1857s
2026-09-23 23:52:48 [INFO    ] __main__ - [  68/264] EUW1_7791127193 inserted (+10 PUUIDs discovered)
2026-09-23 23:52:48 [INFO    ] crawler.crawler - ✓ Match EUW1_7791071930 | 10 participants | 10 bans | v16.6.756.931 | durée 1790s
2026-09-23 23:52:48 [INFO    ] __main__ - [  69/264] EUW1_7791071930 inserted (+10 PUUIDs discovered)
2026-09-23 23:52:49 [INFO    ] crawler.crawler - ✓ Match EUW1_7791017283 | 10 participants | 10 bans | v16.6.756.931 | durée 1677s
2026-09-23 23:52:49 [INFO    ] __main__ - [  70/264] EUW1_7791017283 inserted (+10 PUUIDs discovered)
2026-09-23 23:52:50 [INFO    ] crawler.crawler - ✓ Match EUW1_7781426175 | 10 participants | 10 bans | v16.5.752.7101 | durée 2092s
2026-09-23 23:52:50 [INFO    ] __main__ - [  71/264] EUW1_7781426175 inserted (+10 PUUIDs discovered)
2026-09-23 23:52:51 [INFO    ] crawler.crawler - ✓ Match EUW1_7781229393 | 10 participants | 10 bans | v16.5.752.7101 | durée 2069s
2026-09-23 23:52:51 [INFO    ] __main__ - [  72/264] EUW1_7781229393 inserted (+10 PUUIDs discovered)
2026-09-23 23:52:52 [INFO    ] crawler.crawler - ✓ Match EUW1_7780965287 | 10 participants | 10 bans | v16.5.752.7101 | durée 1957s
2026-09-23 23:52:52 [INFO    ] __main__ - [  73/264] EUW1_7780965287 inserted (+10 PUUIDs discovered)
2026-09-23 23:52:52 [INFO    ] crawler.crawler - ✓ Match EUW1_7780898203 | 10 participants | 10 bans | v16.5.752.7101 | durée 1969s
2026-09-23 23:52:52 [INFO    ] __main__ - [  74/264] EUW1_7780898203 inserted (+10 PUUIDs discovered)
2026-09-23 23:52:53 [INFO    ] crawler.crawler - ✓ Match EUW1_7780843002 | 10 participants | 10 bans | v16.5.752.7101 | durée 1689s
2026-09-23 23:52:53 [INFO    ] __main__ - [  75/264] EUW1_7780843002 inserted (+10 PUUIDs discovered)
2026-09-23 23:52:54 [INFO    ] crawler.crawler - ✓ Match EUW1_7780525939 | 10 participants | 10 bans | v16.5.752.7101 | durée 2466s
2026-09-23 23:52:54 [INFO    ] __main__ - [  76/264] EUW1_7780525939 inserted (+10 PUUIDs discovered)
2026-09-23 23:52:55 [INFO    ] crawler.crawler - ✓ Match EUW1_7780059630 | 10 participants | 10 bans | v16.5.752.7101 | durée 1407s
2026-09-23 23:52:55 [INFO    ] __main__ - [  77/264] EUW1_7780059630 inserted (+10 PUUIDs discovered)
2026-09-23 23:52:55 [INFO    ] crawler.crawler - ✓ Match EUW1_7777460336 | 10 participants | 10 bans | v16.5.752.7101 | durée 1847s
2026-09-23 23:52:55 [INFO    ] __main__ - [  78/264] EUW1_7777460336 inserted (+10 PUUIDs discovered)
2026-09-23 23:52:56 [INFO    ] crawler.crawler - ✓ Match EUW1_7777213126 | 10 participants | 10 bans | v16.5.752.7101 | durée 1780s
2026-09-23 23:52:56 [INFO    ] __main__ - [  79/264] EUW1_7777213126 inserted (+10 PUUIDs discovered)
2026-09-23 23:52:57 [INFO    ] crawler.crawler - ✓ Match EUW1_7777183236 | 10 participants | 10 bans | v16.5.752.7101 | durée 1094s
2026-09-23 23:52:57 [INFO    ] __main__ - [  80/264] EUW1_7777183236 inserted (+10 PUUIDs discovered)
2026-09-23 23:52:58 [INFO    ] crawler.crawler - ✓ Match EUW1_7776453828 | 10 participants | 10 bans | v16.5.752.7101 | durée 1364s
2026-09-23 23:52:58 [INFO    ] __main__ - [  81/264] EUW1_7776453828 inserted (+10 PUUIDs discovered)
2026-09-23 23:52:58 [INFO    ] crawler.crawler - ✓ Match EUW1_7776418147 | 10 participants | 10 bans | v16.5.752.7101 | durée 911s
2026-09-23 23:52:58 [INFO    ] __main__ - [  82/264] EUW1_7776418147 inserted (+10 PUUIDs discovered)
2026-09-23 23:52:59 [INFO    ] crawler.crawler - ✓ Match EUW1_7776337087 | 10 participants | 10 bans | v16.5.752.7101 | durée 2585s
2026-09-23 23:52:59 [INFO    ] __main__ - [  83/264] EUW1_7776337087 inserted (+10 PUUIDs discovered)
2026-09-23 23:53:00 [INFO    ] crawler.crawler - ✓ Match EUW1_7769248340 | 10 participants | 10 bans | v16.5.751.1533 | durée 1805s
2026-09-23 23:53:00 [INFO    ] __main__ - [  84/264] EUW1_7769248340 inserted (+10 PUUIDs discovered)
2026-09-23 23:53:01 [INFO    ] crawler.crawler - ✓ Match EUW1_7768612616 | 10 participants | 10 bans | v16.5.751.1533 | durée 2092s
2026-09-23 23:53:01 [INFO    ] __main__ - [  85/264] EUW1_7768612616 inserted (+10 PUUIDs discovered)
2026-09-23 23:53:02 [INFO    ] crawler.crawler - ✓ Match EUW1_7767786918 | 10 participants | 10 bans | v16.5.751.1533 | durée 2315s
2026-09-23 23:53:02 [INFO    ] __main__ - [  86/264] EUW1_7767786918 inserted (+10 PUUIDs discovered)
2026-09-23 23:53:02 [INFO    ] crawler.crawler - ✓ Match EUW1_7767731463 | 10 participants | 10 bans | v16.5.751.1533 | durée 1566s
2026-09-23 23:53:02 [INFO    ] __main__ - [  87/264] EUW1_7767731463 inserted (+10 PUUIDs discovered)
2026-09-23 23:53:03 [INFO    ] crawler.crawler - ✓ Match EUW1_7767524308 | 10 participants | 10 bans | v16.5.751.1533 | durée 1932s
2026-09-23 23:53:03 [INFO    ] __main__ - [  88/264] EUW1_7767524308 inserted (+10 PUUIDs discovered)
2026-09-23 23:53:04 [INFO    ] crawler.crawler - ✓ Match EUW1_7767467577 | 10 participants | 10 bans | v16.5.751.1533 | durée 1785s
2026-09-23 23:53:04 [INFO    ] __main__ - [  89/264] EUW1_7767467577 inserted (+10 PUUIDs discovered)
2026-09-23 23:53:05 [INFO    ] crawler.crawler - ✓ Match EUW1_7766053898 | 10 participants | 10 bans | v16.5.751.1533 | durée 943s
2026-09-23 23:53:05 [INFO    ] __main__ - [  90/264] EUW1_7766053898 inserted (+10 PUUIDs discovered)
2026-09-23 23:53:06 [INFO    ] crawler.crawler - ✓ Match EUW1_7765988333 | 10 participants | 10 bans | v16.5.751.1533 | durée 1428s
2026-09-23 23:53:06 [INFO    ] __main__ - [  91/264] EUW1_7765988333 inserted (+10 PUUIDs discovered)
2026-09-23 23:53:07 [INFO    ] crawler.crawler - ✓ Match EUW1_7765935505 | 10 participants | 10 bans | v16.5.751.1533 | durée 1535s
2026-09-23 23:53:07 [INFO    ] __main__ - [  92/264] EUW1_7765935505 inserted (+10 PUUIDs discovered)
2026-09-23 23:53:07 [INFO    ] crawler.crawler - ✓ Match EUW1_7765788727 | 10 participants | 10 bans | v16.5.751.1533 | durée 85s
2026-09-23 23:53:07 [INFO    ] __main__ - [  93/264] EUW1_7765788727 inserted (+10 PUUIDs discovered)
2026-09-23 23:53:08 [INFO    ] crawler.crawler - ✓ Match EUW1_7765747628 | 10 participants | 10 bans | v16.5.751.1533 | durée 1259s
2026-09-23 23:53:08 [INFO    ] __main__ - [  94/264] EUW1_7765747628 inserted (+10 PUUIDs discovered)
2026-09-23 23:53:09 [INFO    ] crawler.crawler - ✓ Match EUW1_7765429028 | 10 participants | 10 bans | v16.5.751.1533 | durée 1182s
2026-09-23 23:53:09 [INFO    ] __main__ - [  95/264] EUW1_7765429028 inserted (+10 PUUIDs discovered)
2026-09-23 23:53:10 [INFO    ] crawler.crawler - ✓ Match EUW1_7765353387 | 10 participants | 10 bans | v16.5.751.1533 | durée 2771s
2026-09-23 23:53:10 [INFO    ] __main__ - [  96/264] EUW1_7765353387 inserted (+10 PUUIDs discovered)
2026-09-23 23:53:11 [INFO    ] crawler.crawler - ✓ Match EUW1_7764751211 | 10 participants | 10 bans | v16.5.751.1533 | durée 1572s
2026-09-23 23:53:11 [INFO    ] __main__ - [  97/264] EUW1_7764751211 inserted (+10 PUUIDs discovered)
2026-09-23 23:53:11 [INFO    ] crawler.crawler - ✓ Match EUW1_7763980181 | 10 participants | 10 bans | v16.5.751.1533 | durée 2824s
2026-09-23 23:53:11 [INFO    ] __main__ - [  98/264] EUW1_7763980181 inserted (+10 PUUIDs discovered)
2026-09-23 23:53:12 [INFO    ] crawler.crawler - ✓ Match EUW1_7763835141 | 10 participants | 10 bans | v16.5.751.1533 | durée 1684s
2026-09-23 23:53:12 [INFO    ] __main__ - [  99/264] EUW1_7763835141 inserted (+10 PUUIDs discovered)
2026-09-23 23:53:13 [INFO    ] crawler.crawler - ✓ Match EUW1_7763790118 | 10 participants | 10 bans | v16.5.751.1533 | durée 2063s
2026-09-23 23:53:13 [INFO    ] __main__ - [ 100/264] EUW1_7763790118 inserted (+10 PUUIDs discovered)
2026-09-23 23:53:13 [INFO    ] crawler.crawler - ✓ Match EUW1_7758273548 | 10 participants | 10 bans | v16.4.748.682 | durée 2267s
2026-09-23 23:53:13 [INFO    ] __main__ - [ 101/264] EUW1_7758273548 inserted (+10 PUUIDs discovered)
2026-09-23 23:53:14 [INFO    ] crawler.crawler - ✓ Match EUW1_7758217249 | 10 participants | 10 bans | v16.4.748.682 | durée 2295s
2026-09-23 23:53:14 [INFO    ] __main__ - [ 102/264] EUW1_7758217249 inserted (+10 PUUIDs discovered)
2026-09-23 23:53:15 [INFO    ] crawler.crawler - ✓ Match EUW1_7758174344 | 10 participants | 10 bans | v16.4.748.682 | durée 1959s
2026-09-23 23:53:15 [INFO    ] __main__ - [ 103/264] EUW1_7758174344 inserted (+10 PUUIDs discovered)
2026-09-23 23:53:16 [INFO    ] crawler.crawler - ✓ Match EUW1_7715180148 | 10 participants | 10 bans | v16.2.741.3171 | durée 1827s
2026-09-23 23:53:16 [INFO    ] __main__ - [ 104/264] EUW1_7715180148 inserted (+10 PUUIDs discovered)
2026-09-23 23:53:16 [INFO    ] crawler.crawler - ✓ Match EUW1_7714751262 | 10 participants | 10 bans | v16.2.741.3171 | durée 1822s
2026-09-23 23:53:16 [INFO    ] __main__ - [ 105/264] EUW1_7714751262 inserted (+10 PUUIDs discovered)
2026-09-23 23:53:17 [INFO    ] crawler.crawler - ✓ Match EUW1_7713524743 | 10 participants | 10 bans | v16.2.741.3171 | durée 1343s
2026-09-23 23:53:17 [INFO    ] __main__ - [ 106/264] EUW1_7713524743 inserted (+10 PUUIDs discovered)
2026-09-23 23:53:18 [INFO    ] crawler.crawler - ✓ Match EUW1_7712039046 | 10 participants | 10 bans | v16.2.741.3171 | durée 2948s
2026-09-23 23:53:18 [INFO    ] __main__ - [ 107/264] EUW1_7712039046 inserted (+10 PUUIDs discovered)
2026-09-23 23:53:19 [INFO    ] crawler.crawler - ✓ Match EUW1_7711306112 | 10 participants | 10 bans | v16.2.741.3171 | durée 2218s
2026-09-23 23:53:19 [INFO    ] __main__ - [ 108/264] EUW1_7711306112 inserted (+10 PUUIDs discovered)
2026-09-23 23:53:19 [INFO    ] crawler.crawler - ✓ Match EUW1_7711268058 | 10 participants | 10 bans | v16.2.741.3171 | durée 1688s
2026-09-23 23:53:19 [INFO    ] __main__ - [ 109/264] EUW1_7711268058 inserted (+10 PUUIDs discovered)
2026-09-23 23:53:20 [INFO    ] crawler.crawler - ✓ Match EUW1_7710604262 | 10 participants | 10 bans | v16.2.741.3171 | durée 2297s
2026-09-23 23:53:20 [INFO    ] __main__ - [ 110/264] EUW1_7710604262 inserted (+10 PUUIDs discovered)
2026-09-23 23:53:21 [INFO    ] crawler.crawler - ✓ Match EUW1_7710550195 | 10 participants | 10 bans | v16.2.741.3171 | durée 1502s
2026-09-23 23:53:21 [INFO    ] __main__ - [ 111/264] EUW1_7710550195 inserted (+10 PUUIDs discovered)
2026-09-23 23:53:22 [INFO    ] crawler.crawler - ✓ Match EUW1_7709292900 | 10 participants | 10 bans | v16.2.741.3171 | durée 2049s
2026-09-23 23:53:22 [INFO    ] __main__ - [ 112/264] EUW1_7709292900 inserted (+10 PUUIDs discovered)
2026-09-23 23:53:22 [INFO    ] crawler.crawler - ✓ Match EUW1_7709235533 | 10 participants | 10 bans | v16.2.741.3171 | durée 1591s
2026-09-23 23:53:22 [INFO    ] __main__ - [ 113/264] EUW1_7709235533 inserted (+10 PUUIDs discovered)
2026-09-23 23:53:23 [INFO    ] crawler.crawler - ✓ Match EUW1_7706146873 | 10 participants | 10 bans | v16.2.741.3171 | durée 2037s
2026-09-23 23:53:23 [INFO    ] __main__ - [ 114/264] EUW1_7706146873 inserted (+10 PUUIDs discovered)
2026-09-23 23:53:24 [INFO    ] crawler.crawler - ✓ Match EUW1_7706079412 | 10 participants | 10 bans | v16.2.741.3171 | durée 1512s
2026-09-23 23:53:24 [INFO    ] __main__ - [ 115/264] EUW1_7706079412 inserted (+10 PUUIDs discovered)
2026-09-23 23:53:25 [INFO    ] crawler.crawler - ✓ Match EUW1_7705870303 | 10 participants | 10 bans | v16.2.741.3171 | durée 1848s
2026-09-23 23:53:25 [INFO    ] __main__ - [ 116/264] EUW1_7705870303 inserted (+10 PUUIDs discovered)
2026-09-23 23:53:26 [WARNING ] api_client.client - Rate limit atteint [type=application]. Pause de 37s...
2026-09-23 23:54:04 [INFO    ] crawler.crawler - ✓ Match EUW1_7705808102 | 10 participants | 10 bans | v16.2.741.3171 | durée 1787s
2026-09-23 23:54:04 [INFO    ] __main__ - [ 117/264] EUW1_7705808102 inserted (+10 PUUIDs discovered)
2026-09-23 23:54:05 [INFO    ] crawler.crawler - ✓ Match EUW1_7703261596 | 10 participants | 10 bans | v16.2.740.1491 | durée 1824s
2026-09-23 23:54:05 [INFO    ] __main__ - [ 118/264] EUW1_7703261596 inserted (+10 PUUIDs discovered)
2026-09-23 23:54:05 [INFO    ] crawler.crawler - ✓ Match EUW1_7700828882 | 10 participants | 10 bans | v16.2.740.1491 | durée 1513s
2026-09-23 23:54:05 [INFO    ] __main__ - [ 119/264] EUW1_7700828882 inserted (+10 PUUIDs discovered)
2026-09-23 23:54:06 [INFO    ] crawler.crawler - ✓ Match EUW1_7700212084 | 10 participants | 10 bans | v16.2.740.1491 | durée 1644s
2026-09-23 23:54:06 [INFO    ] __main__ - [ 120/264] EUW1_7700212084 inserted (+10 PUUIDs discovered)
2026-09-23 23:54:07 [INFO    ] crawler.crawler - ✓ Match EUW1_7700168048 | 10 participants | 10 bans | v16.2.740.1491 | durée 982s
2026-09-23 23:54:07 [INFO    ] __main__ - [ 121/264] EUW1_7700168048 inserted (+10 PUUIDs discovered)
2026-09-23 23:54:07 [INFO    ] crawler.crawler - ✓ Match EUW1_7700113790 | 10 participants | 10 bans | v16.2.740.1491 | durée 1544s
2026-09-23 23:54:07 [INFO    ] __main__ - [ 122/264] EUW1_7700113790 inserted (+10 PUUIDs discovered)
2026-09-23 23:54:08 [INFO    ] crawler.crawler - ✓ Match EUW1_7700039414 | 10 participants | 10 bans | v16.2.740.1491 | durée 1770s
2026-09-23 23:54:08 [INFO    ] __main__ - [ 123/264] EUW1_7700039414 inserted (+10 PUUIDs discovered)
2026-09-23 23:54:09 [INFO    ] crawler.crawler - ✓ Match EUW1_7699346419 | 10 participants | 10 bans | v16.2.740.1491 | durée 1668s
2026-09-23 23:54:09 [INFO    ] __main__ - [ 124/264] EUW1_7699346419 inserted (+10 PUUIDs discovered)
2026-09-23 23:54:09 [INFO    ] crawler.crawler - ✓ Match EUW1_7698675708 | 10 participants | 10 bans | v16.2.740.1491 | durée 2033s
2026-09-23 23:54:09 [INFO    ] __main__ - [ 125/264] EUW1_7698675708 inserted (+10 PUUIDs discovered)
2026-09-23 23:54:10 [INFO    ] crawler.crawler - ✓ Match EUW1_7698577241 | 10 participants | 10 bans | v16.2.740.1491 | durée 1748s
2026-09-23 23:54:10 [INFO    ] __main__ - [ 126/264] EUW1_7698577241 inserted (+10 PUUIDs discovered)
2026-09-23 23:54:11 [INFO    ] crawler.crawler - ✓ Match EUW1_7698501728 | 10 participants | 10 bans | v16.2.740.1491 | durée 1602s
2026-09-23 23:54:11 [INFO    ] __main__ - [ 127/264] EUW1_7698501728 inserted (+10 PUUIDs discovered)
2026-09-23 23:54:11 [INFO    ] crawler.crawler - ✓ Match EUW1_7698269621 | 10 participants | 10 bans | v16.2.740.1491 | durée 1900s
2026-09-23 23:54:11 [INFO    ] __main__ - [ 128/264] EUW1_7698269621 inserted (+10 PUUIDs discovered)
2026-09-23 23:54:12 [INFO    ] crawler.crawler - ✓ Match EUW1_7695109338 | 10 participants | 10 bans | v16.1.737.4870 | durée 1685s
2026-09-23 23:54:12 [INFO    ] __main__ - [ 129/264] EUW1_7695109338 inserted (+10 PUUIDs discovered)
2026-09-23 23:54:13 [INFO    ] crawler.crawler - ✓ Match EUW1_7693615837 | 10 participants | 10 bans | v16.1.737.4870 | durée 2141s
2026-09-23 23:54:13 [INFO    ] __main__ - [ 130/264] EUW1_7693615837 inserted (+10 PUUIDs discovered)
2026-09-23 23:54:13 [INFO    ] crawler.crawler - ✓ Match EUW1_7691598605 | 10 participants | 10 bans | v16.1.737.4870 | durée 2040s
2026-09-23 23:54:13 [INFO    ] __main__ - [ 131/264] EUW1_7691598605 inserted (+10 PUUIDs discovered)
2026-09-23 23:54:14 [INFO    ] crawler.crawler - ✓ Match EUW1_7691347379 | 10 participants | 10 bans | v16.1.737.4870 | durée 2718s
2026-09-23 23:54:14 [INFO    ] __main__ - [ 132/264] EUW1_7691347379 inserted (+10 PUUIDs discovered)
2026-09-23 23:54:14 [INFO    ] crawler.crawler - ✓ Match EUW1_7691330170 | 10 participants | 10 bans | v16.1.737.4870 | durée 91s
2026-09-23 23:54:14 [INFO    ] __main__ - [ 133/264] EUW1_7691330170 inserted (+10 PUUIDs discovered)
2026-09-23 23:54:15 [INFO    ] crawler.crawler - ✓ Match EUW1_7691262338 | 10 participants | 10 bans | v16.1.737.4870 | durée 1923s
2026-09-23 23:54:15 [INFO    ] __main__ - [ 134/264] EUW1_7691262338 inserted (+10 PUUIDs discovered)
2026-09-23 23:54:16 [INFO    ] crawler.crawler - ✓ Match EUW1_7691205457 | 10 participants | 10 bans | v16.1.737.4870 | durée 1814s
2026-09-23 23:54:16 [INFO    ] __main__ - [ 135/264] EUW1_7691205457 inserted (+10 PUUIDs discovered)
2026-09-23 23:54:16 [INFO    ] crawler.crawler - ✓ Match EUW1_7690955628 | 10 participants | 10 bans | v16.1.737.4870 | durée 1433s
2026-09-23 23:54:16 [INFO    ] __main__ - [ 136/264] EUW1_7690955628 inserted (+10 PUUIDs discovered)
2026-09-23 23:54:17 [INFO    ] crawler.crawler - ✓ Match EUW1_7690872540 | 10 participants | 10 bans | v16.1.737.4870 | durée 2528s
2026-09-23 23:54:17 [INFO    ] __main__ - [ 137/264] EUW1_7690872540 inserted (+10 PUUIDs discovered)
2026-09-23 23:54:18 [INFO    ] crawler.crawler - ✓ Match EUW1_7690794428 | 10 participants | 10 bans | v16.1.737.4870 | durée 2118s
2026-09-23 23:54:18 [INFO    ] __main__ - [ 138/264] EUW1_7690794428 inserted (+10 PUUIDs discovered)
2026-09-23 23:54:18 [INFO    ] crawler.crawler - ✓ Match EUW1_7690746255 | 10 participants | 10 bans | v16.1.737.4870 | durée 1640s
2026-09-23 23:54:18 [INFO    ] __main__ - [ 139/264] EUW1_7690746255 inserted (+10 PUUIDs discovered)
2026-09-23 23:54:19 [INFO    ] crawler.crawler - ✓ Match EUW1_7690582891 | 10 participants | 10 bans | v16.1.737.4870 | durée 2151s
2026-09-23 23:54:19 [INFO    ] __main__ - [ 140/264] EUW1_7690582891 inserted (+10 PUUIDs discovered)
2026-09-23 23:54:20 [INFO    ] crawler.crawler - ✓ Match EUW1_7690108108 | 10 participants | 10 bans | v16.1.737.4870 | durée 2105s
2026-09-23 23:54:20 [INFO    ] __main__ - [ 141/264] EUW1_7690108108 inserted (+10 PUUIDs discovered)
2026-09-23 23:54:21 [INFO    ] crawler.crawler - ✓ Match EUW1_7690047397 | 10 participants | 10 bans | v16.1.737.4870 | durée 1513s
2026-09-23 23:54:21 [INFO    ] __main__ - [ 142/264] EUW1_7690047397 inserted (+10 PUUIDs discovered)
2026-09-23 23:54:21 [INFO    ] crawler.crawler - ✓ Match EUW1_7689978425 | 10 participants | 10 bans | v16.1.737.4870 | durée 1897s
2026-09-23 23:54:21 [INFO    ] __main__ - [ 143/264] EUW1_7689978425 inserted (+10 PUUIDs discovered)
2026-09-23 23:54:22 [INFO    ] crawler.crawler - ✓ Match EUW1_7689918129 | 10 participants | 10 bans | v16.1.737.4870 | durée 1476s
2026-09-23 23:54:22 [INFO    ] __main__ - [ 144/264] EUW1_7689918129 inserted (+10 PUUIDs discovered)
2026-09-23 23:54:23 [INFO    ] crawler.crawler - ✓ Match EUW1_7689837290 | 10 participants | 10 bans | v16.1.737.4870 | durée 2067s
2026-09-23 23:54:23 [INFO    ] __main__ - [ 145/264] EUW1_7689837290 inserted (+10 PUUIDs discovered)
2026-09-23 23:54:23 [INFO    ] crawler.crawler - ✓ Match EUW1_7689772504 | 10 participants | 10 bans | v16.1.737.4870 | durée 1942s
2026-09-23 23:54:23 [INFO    ] __main__ - [ 146/264] EUW1_7689772504 inserted (+10 PUUIDs discovered)
2026-09-23 23:54:24 [INFO    ] crawler.crawler - ✓ Match EUW1_7688308675 | 10 participants | 10 bans | v16.1.737.4870 | durée 1629s
2026-09-23 23:54:24 [INFO    ] __main__ - [ 147/264] EUW1_7688308675 inserted (+10 PUUIDs discovered)
2026-09-23 23:54:25 [INFO    ] crawler.crawler - ✓ Match EUW1_7685187051 | 10 participants | 10 bans | v16.1.737.4870 | durée 2420s
2026-09-23 23:54:25 [INFO    ] __main__ - [ 148/264] EUW1_7685187051 inserted (+10 PUUIDs discovered)
2026-09-23 23:54:26 [INFO    ] crawler.crawler - ✓ Match EUW1_7685115902 | 10 participants | 10 bans | v16.1.737.4870 | durée 2076s
2026-09-23 23:54:26 [INFO    ] __main__ - [ 149/264] EUW1_7685115902 inserted (+10 PUUIDs discovered)
2026-09-23 23:54:26 [INFO    ] crawler.crawler - ✓ Match EUW1_7685053161 | 10 participants | 10 bans | v16.1.737.4870 | durée 1844s
2026-09-23 23:54:26 [INFO    ] __main__ - [ 150/264] EUW1_7685053161 inserted (+10 PUUIDs discovered)
2026-09-23 23:54:27 [INFO    ] crawler.crawler - ✓ Match EUW1_7677372221 | 10 participants | 10 bans | v16.1.737.1049 | durée 1452s
2026-09-23 23:54:27 [INFO    ] __main__ - [ 151/264] EUW1_7677372221 inserted (+10 PUUIDs discovered)
2026-09-23 23:54:28 [INFO    ] crawler.crawler - ✓ Match EUW1_7668401231 | 10 participants | 10 bans | v15.24.734.7485 | durée 1395s
2026-09-23 23:54:28 [INFO    ] __main__ - [ 152/264] EUW1_7668401231 inserted (+10 PUUIDs discovered)
2026-09-23 23:54:28 [INFO    ] crawler.crawler - ✓ Match EUW1_7668347295 | 10 participants | 10 bans | v15.24.734.7485 | durée 1398s
2026-09-23 23:54:28 [INFO    ] __main__ - [ 153/264] EUW1_7668347295 inserted (+10 PUUIDs discovered)
2026-09-23 23:54:29 [INFO    ] crawler.crawler - ✓ Match EUW1_7668276046 | 10 participants | 10 bans | v15.24.734.7485 | durée 2156s
2026-09-23 23:54:29 [INFO    ] __main__ - [ 154/264] EUW1_7668276046 inserted (+10 PUUIDs discovered)
2026-09-23 23:54:30 [INFO    ] crawler.crawler - ✓ Match EUW1_7662048243 | 10 participants | 10 bans | v15.24.734.7485 | durée 2781s
2026-09-23 23:54:30 [INFO    ] __main__ - [ 155/264] EUW1_7662048243 inserted (+10 PUUIDs discovered)
2026-09-23 23:54:30 [INFO    ] crawler.crawler - ✓ Match EUW1_7660753596 | 10 participants | 10 bans | v15.24.734.7485 | durée 2174s
2026-09-23 23:54:30 [INFO    ] __main__ - [ 156/264] EUW1_7660753596 inserted (+10 PUUIDs discovered)
2026-09-23 23:54:31 [INFO    ] crawler.crawler - ✓ Match EUW1_7660730893 | 10 participants | 10 bans | v15.24.734.7485 | durée 1136s
2026-09-23 23:54:31 [INFO    ] __main__ - [ 157/264] EUW1_7660730893 inserted (+10 PUUIDs discovered)
2026-09-23 23:54:32 [INFO    ] crawler.crawler - ✓ Match EUW1_7651610347 | 10 participants | 10 bans | v15.24.734.7485 | durée 1502s
2026-09-23 23:54:32 [INFO    ] __main__ - [ 158/264] EUW1_7651610347 inserted (+10 PUUIDs discovered)
2026-09-23 23:54:32 [INFO    ] crawler.crawler - ✓ Match EUW1_7646102321 | 10 participants | 10 bans | v15.24.733.5841 | durée 3083s
2026-09-23 23:54:32 [INFO    ] __main__ - [ 159/264] EUW1_7646102321 inserted (+10 PUUIDs discovered)
2026-09-23 23:54:33 [INFO    ] crawler.crawler - ✓ Match EUW1_7638347883 | 10 participants | 10 bans | v15.24.732.64 | durée 1196s
2026-09-23 23:54:33 [INFO    ] __main__ - [ 160/264] EUW1_7638347883 inserted (+10 PUUIDs discovered)
2026-09-23 23:54:33 [INFO    ] crawler.crawler - ✓ Match EUW1_7634874437 | 10 participants | 10 bans | v15.24.731.5210 | durée 1804s
2026-09-23 23:54:33 [INFO    ] __main__ - [ 161/264] EUW1_7634874437 inserted (+10 PUUIDs discovered)
2026-09-23 23:54:34 [INFO    ] crawler.crawler - ✓ Match EUW1_7634773190 | 10 participants | 10 bans | v15.24.731.5210 | durée 1936s
2026-09-23 23:54:34 [INFO    ] __main__ - [ 162/264] EUW1_7634773190 inserted (+10 PUUIDs discovered)
2026-09-23 23:54:35 [INFO    ] crawler.crawler - ✓ Match EUW1_7633494460 | 10 participants | 10 bans | v15.24.731.5210 | durée 1581s
2026-09-23 23:54:35 [INFO    ] __main__ - [ 163/264] EUW1_7633494460 inserted (+10 PUUIDs discovered)
2026-09-23 23:54:35 [INFO    ] crawler.crawler - ✓ Match EUW1_7633403595 | 10 participants | 10 bans | v15.24.731.5210 | durée 2316s
2026-09-23 23:54:35 [INFO    ] __main__ - [ 164/264] EUW1_7633403595 inserted (+10 PUUIDs discovered)
2026-09-23 23:54:36 [INFO    ] crawler.crawler - ✓ Match EUW1_7633344196 | 10 participants | 10 bans | v15.24.731.5210 | durée 1103s
2026-09-23 23:54:36 [INFO    ] __main__ - [ 165/264] EUW1_7633344196 inserted (+10 PUUIDs discovered)
2026-09-23 23:54:37 [INFO    ] crawler.crawler - ✓ Match EUW1_7633256651 | 10 participants | 10 bans | v15.24.731.5210 | durée 2163s
2026-09-23 23:54:37 [INFO    ] __main__ - [ 166/264] EUW1_7633256651 inserted (+10 PUUIDs discovered)
2026-09-23 23:54:37 [INFO    ] crawler.crawler - ✓ Match EUW1_7631124046 | 10 participants | 10 bans | v15.24.731.5210 | durée 2611s
2026-09-23 23:54:37 [INFO    ] __main__ - [ 167/264] EUW1_7631124046 inserted (+10 PUUIDs discovered)
2026-09-23 23:54:38 [INFO    ] crawler.crawler - ✓ Match EUW1_7631063690 | 10 participants | 10 bans | v15.24.731.5210 | durée 1988s
2026-09-23 23:54:38 [INFO    ] __main__ - [ 168/264] EUW1_7631063690 inserted (+10 PUUIDs discovered)
2026-09-23 23:54:39 [INFO    ] crawler.crawler - ✓ Match EUW1_7630975819 | 10 participants | 10 bans | v15.24.731.5210 | durée 2903s
2026-09-23 23:54:39 [INFO    ] __main__ - [ 169/264] EUW1_7630975819 inserted (+10 PUUIDs discovered)
2026-09-23 23:54:40 [INFO    ] crawler.crawler - ✓ Match EUW1_7630921755 | 10 participants | 10 bans | v15.24.731.5210 | durée 1755s
2026-09-23 23:54:40 [INFO    ] __main__ - [ 170/264] EUW1_7630921755 inserted (+10 PUUIDs discovered)
2026-09-23 23:54:41 [INFO    ] crawler.crawler - ✓ Match EUW1_7627741465 | 10 participants | 10 bans | v15.24.730.7955 | durée 1865s
2026-09-23 23:54:41 [INFO    ] __main__ - [ 171/264] EUW1_7627741465 inserted (+10 PUUIDs discovered)
2026-09-23 23:54:42 [INFO    ] crawler.crawler - ✓ Match EUW1_7623044295 | 10 participants | 10 bans | v15.23.728.3286 | durée 1677s
2026-09-23 23:54:42 [INFO    ] __main__ - [ 172/264] EUW1_7623044295 inserted (+10 PUUIDs discovered)
2026-09-23 23:54:43 [INFO    ] crawler.crawler - ✓ Match EUW1_7622016648 | 10 participants | 10 bans | v15.23.728.3286 | durée 1146s
2026-09-23 23:54:43 [INFO    ] __main__ - [ 173/264] EUW1_7622016648 inserted (+10 PUUIDs discovered)
2026-09-23 23:54:44 [INFO    ] crawler.crawler - ✓ Match EUW1_7621962941 | 10 participants | 10 bans | v15.23.728.3286 | durée 1418s
2026-09-23 23:54:44 [INFO    ] __main__ - [ 174/264] EUW1_7621962941 inserted (+10 PUUIDs discovered)
2026-09-23 23:54:44 [INFO    ] crawler.crawler - ✓ Match EUW1_7621892538 | 10 participants | 10 bans | v15.23.728.3286 | durée 2407s
2026-09-23 23:54:44 [INFO    ] __main__ - [ 175/264] EUW1_7621892538 inserted (+10 PUUIDs discovered)
2026-09-23 23:54:45 [INFO    ] crawler.crawler - ✓ Match EUW1_7621810611 | 10 participants | 10 bans | v15.23.728.3286 | durée 1795s
2026-09-23 23:54:45 [INFO    ] __main__ - [ 176/264] EUW1_7621810611 inserted (+10 PUUIDs discovered)
2026-09-23 23:54:46 [INFO    ] crawler.crawler - ✓ Match EUW1_7620574830 | 10 participants | 10 bans | v15.23.728.3286 | durée 1834s
2026-09-23 23:54:46 [INFO    ] __main__ - [ 177/264] EUW1_7620574830 inserted (+10 PUUIDs discovered)
2026-09-23 23:54:47 [INFO    ] crawler.crawler - ✓ Match EUW1_7599898062 | 10 participants | 10 bans | v15.22.724.5161 | durée 2026s
2026-09-23 23:54:47 [INFO    ] __main__ - [ 178/264] EUW1_7599898062 inserted (+10 PUUIDs discovered)
2026-09-23 23:54:47 [INFO    ] crawler.crawler - ✓ Match EUW1_7599369814 | 10 participants | 10 bans | v15.22.724.5161 | durée 1656s
2026-09-23 23:54:47 [INFO    ] __main__ - [ 179/264] EUW1_7599369814 inserted (+10 PUUIDs discovered)
2026-09-23 23:54:48 [INFO    ] crawler.crawler - ✓ Match EUW1_7599326528 | 10 participants | 10 bans | v15.22.724.5161 | durée 1173s
2026-09-23 23:54:48 [INFO    ] __main__ - [ 180/264] EUW1_7599326528 inserted (+10 PUUIDs discovered)
2026-09-23 23:54:49 [INFO    ] crawler.crawler - ✓ Match EUW1_7599276794 | 10 participants | 10 bans | v15.22.724.5161 | durée 1251s
2026-09-23 23:54:49 [INFO    ] __main__ - [ 181/264] EUW1_7599276794 inserted (+10 PUUIDs discovered)
2026-09-23 23:54:49 [INFO    ] crawler.crawler - ✓ Match EUW1_7596333068 | 10 participants | 10 bans | v15.22.724.5161 | durée 1505s
2026-09-23 23:54:49 [INFO    ] __main__ - [ 182/264] EUW1_7596333068 inserted (+10 PUUIDs discovered)
2026-09-23 23:54:50 [INFO    ] crawler.crawler - ✓ Match EUW1_7596298540 | 10 participants | 10 bans | v15.22.724.5161 | durée 1623s
2026-09-23 23:54:50 [INFO    ] __main__ - [ 183/264] EUW1_7596298540 inserted (+10 PUUIDs discovered)
2026-09-23 23:54:51 [INFO    ] crawler.crawler - ✓ Match EUW1_7595605755 | 10 participants | 10 bans | v15.22.724.5161 | durée 1707s
2026-09-23 23:54:51 [INFO    ] __main__ - [ 184/264] EUW1_7595605755 inserted (+10 PUUIDs discovered)
2026-09-23 23:54:51 [INFO    ] crawler.crawler - ✓ Match EUW1_7595468966 | 10 participants | 10 bans | v15.22.724.5161 | durée 1922s
2026-09-23 23:54:51 [INFO    ] __main__ - [ 185/264] EUW1_7595468966 inserted (+10 PUUIDs discovered)
2026-09-23 23:54:52 [INFO    ] crawler.crawler - ✓ Match EUW1_7595428821 | 10 participants | 10 bans | v15.22.724.5161 | durée 1627s
2026-09-23 23:54:52 [INFO    ] __main__ - [ 186/264] EUW1_7595428821 inserted (+10 PUUIDs discovered)
2026-09-23 23:54:53 [INFO    ] crawler.crawler - ✓ Match EUW1_7595374449 | 10 participants | 10 bans | v15.22.724.5161 | durée 1867s
2026-09-23 23:54:53 [INFO    ] __main__ - [ 187/264] EUW1_7595374449 inserted (+10 PUUIDs discovered)
2026-09-23 23:54:54 [INFO    ] crawler.crawler - ✓ Match EUW1_7594189108 | 10 participants | 10 bans | v15.22.723.8534 | durée 1750s
2026-09-23 23:54:54 [INFO    ] __main__ - [ 188/264] EUW1_7594189108 inserted (+10 PUUIDs discovered)
2026-09-23 23:54:54 [INFO    ] crawler.crawler - ✓ Match EUW1_7587551934 | 10 participants | 10 bans | v15.21.721.8442 | durée 1819s
2026-09-23 23:54:54 [INFO    ] __main__ - [ 189/264] EUW1_7587551934 inserted (+10 PUUIDs discovered)
2026-09-23 23:54:55 [INFO    ] crawler.crawler - ✓ Match EUW1_7587528573 | 10 participants | 10 bans | v15.21.721.8442 | durée 1436s
2026-09-23 23:54:55 [INFO    ] __main__ - [ 190/264] EUW1_7587528573 inserted (+10 PUUIDs discovered)
2026-09-23 23:54:56 [INFO    ] crawler.crawler - ✓ Match EUW1_7587489469 | 10 participants | 10 bans | v15.21.721.8442 | durée 1793s
2026-09-23 23:54:56 [INFO    ] __main__ - [ 191/264] EUW1_7587489469 inserted (+10 PUUIDs discovered)
2026-09-23 23:54:57 [INFO    ] crawler.crawler - ✓ Match EUW1_7587462772 | 10 participants | 10 bans | v15.21.721.8442 | durée 1649s
2026-09-23 23:54:57 [INFO    ] __main__ - [ 192/264] EUW1_7587462772 inserted (+10 PUUIDs discovered)
2026-09-23 23:54:57 [INFO    ] crawler.crawler - ✓ Match EUW1_7587231783 | 10 participants | 10 bans | v15.21.721.8442 | durée 1521s
2026-09-23 23:54:57 [INFO    ] __main__ - [ 193/264] EUW1_7587231783 inserted (+10 PUUIDs discovered)
2026-09-23 23:54:58 [INFO    ] crawler.crawler - ✓ Match EUW1_7587202721 | 10 participants | 10 bans | v15.21.721.8442 | durée 1566s
2026-09-23 23:54:58 [INFO    ] __main__ - [ 194/264] EUW1_7587202721 inserted (+10 PUUIDs discovered)
2026-09-23 23:54:59 [INFO    ] crawler.crawler - ✓ Match EUW1_7586868601 | 10 participants | 10 bans | v15.21.721.8442 | durée 2080s
2026-09-23 23:54:59 [INFO    ] __main__ - [ 195/264] EUW1_7586868601 inserted (+10 PUUIDs discovered)
2026-09-23 23:55:00 [INFO    ] crawler.crawler - ✓ Match EUW1_7586814228 | 10 participants | 10 bans | v15.21.721.8442 | durée 1776s
2026-09-23 23:55:00 [INFO    ] __main__ - [ 196/264] EUW1_7586814228 inserted (+10 PUUIDs discovered)
2026-09-23 23:55:01 [INFO    ] crawler.crawler - ✓ Match EUW1_7586770324 | 10 participants | 10 bans | v15.21.721.8442 | durée 1619s
2026-09-23 23:55:01 [INFO    ] __main__ - [ 197/264] EUW1_7586770324 inserted (+10 PUUIDs discovered)
2026-09-23 23:55:02 [INFO    ] crawler.crawler - ✓ Match EUW1_7586138346 | 10 participants | 10 bans | v15.21.721.8442 | durée 1387s
2026-09-23 23:55:02 [INFO    ] __main__ - [ 198/264] EUW1_7586138346 inserted (+10 PUUIDs discovered)
2026-09-23 23:55:03 [INFO    ] crawler.crawler - ✓ Match EUW1_7586107749 | 10 participants | 10 bans | v15.21.721.8442 | durée 1542s
2026-09-23 23:55:03 [INFO    ] __main__ - [ 199/264] EUW1_7586107749 inserted (+10 PUUIDs discovered)
2026-09-23 23:55:04 [INFO    ] crawler.crawler - ✓ Match EUW1_7586051997 | 10 participants | 10 bans | v15.21.721.8442 | durée 1649s
2026-09-23 23:55:04 [INFO    ] __main__ - [ 200/264] EUW1_7586051997 inserted (+10 PUUIDs discovered)
2026-09-23 23:55:04 [INFO    ] crawler.crawler - ✓ Match EUW1_7585998364 | 10 participants | 10 bans | v15.21.721.8442 | durée 1717s
2026-09-23 23:55:04 [INFO    ] __main__ - [ 201/264] EUW1_7585998364 inserted (+10 PUUIDs discovered)
2026-09-23 23:55:05 [INFO    ] crawler.crawler - ✓ Match EUW1_7585351293 | 10 participants | 10 bans | v15.21.721.8442 | durée 1872s
2026-09-23 23:55:05 [INFO    ] __main__ - [ 202/264] EUW1_7585351293 inserted (+10 PUUIDs discovered)
2026-09-23 23:55:06 [INFO    ] crawler.crawler - ✓ Match EUW1_7585333751 | 10 participants | 10 bans | v15.21.721.8442 | durée 1641s
2026-09-23 23:55:06 [INFO    ] __main__ - [ 203/264] EUW1_7585333751 inserted (+10 PUUIDs discovered)
2026-09-23 23:55:07 [INFO    ] crawler.crawler - ✓ Match EUW1_7585307059 | 10 participants | 10 bans | v15.21.721.8442 | durée 1817s
2026-09-23 23:55:07 [INFO    ] __main__ - [ 204/264] EUW1_7585307059 inserted (+10 PUUIDs discovered)
2026-09-23 23:55:08 [INFO    ] crawler.crawler - ✓ Match EUW1_7584550974 | 10 participants | 10 bans | v15.21.721.8442 | durée 1750s
2026-09-23 23:55:08 [INFO    ] __main__ - [ 205/264] EUW1_7584550974 inserted (+10 PUUIDs discovered)
2026-09-23 23:55:09 [INFO    ] crawler.crawler - ✓ Match EUW1_7584510303 | 10 participants | 10 bans | v15.21.721.8442 | durée 1433s
2026-09-23 23:55:09 [INFO    ] __main__ - [ 206/264] EUW1_7584510303 inserted (+10 PUUIDs discovered)
2026-09-23 23:55:09 [INFO    ] crawler.crawler - ✓ Match EUW1_7584376881 | 10 participants | 10 bans | v15.21.721.8442 | durée 1478s
2026-09-23 23:55:09 [INFO    ] __main__ - [ 207/264] EUW1_7584376881 inserted (+10 PUUIDs discovered)
2026-09-23 23:55:10 [INFO    ] crawler.crawler - ✓ Match EUW1_7584339258 | 10 participants | 10 bans | v15.21.721.8442 | durée 1927s
2026-09-23 23:55:10 [INFO    ] __main__ - [ 208/264] EUW1_7584339258 inserted (+10 PUUIDs discovered)
2026-09-23 23:55:11 [INFO    ] crawler.crawler - ✓ Match EUW1_7584307623 | 10 participants | 10 bans | v15.21.721.8442 | durée 2275s
2026-09-23 23:55:11 [INFO    ] __main__ - [ 209/264] EUW1_7584307623 inserted (+10 PUUIDs discovered)
2026-09-23 23:55:12 [INFO    ] crawler.crawler - ✓ Match EUW1_7584278767 | 10 participants | 10 bans | v15.21.721.8442 | durée 1659s
2026-09-23 23:55:12 [INFO    ] __main__ - [ 210/264] EUW1_7584278767 inserted (+10 PUUIDs discovered)
2026-09-23 23:55:14 [INFO    ] crawler.crawler - ✓ Match EUW1_7583411431 | 10 participants | 10 bans | v15.21.721.8442 | durée 1632s
2026-09-23 23:55:14 [INFO    ] __main__ - [ 211/264] EUW1_7583411431 inserted (+10 PUUIDs discovered)
2026-09-23 23:55:14 [INFO    ] crawler.crawler - ✓ Match EUW1_7583358250 | 10 participants | 10 bans | v15.21.721.8442 | durée 2152s
2026-09-23 23:55:14 [INFO    ] __main__ - [ 212/264] EUW1_7583358250 inserted (+10 PUUIDs discovered)
2026-09-23 23:55:15 [INFO    ] crawler.crawler - ✓ Match EUW1_7583321775 | 10 participants | 10 bans | v15.21.721.8442 | durée 1618s
2026-09-23 23:55:15 [INFO    ] __main__ - [ 213/264] EUW1_7583321775 inserted (+10 PUUIDs discovered)
2026-09-23 23:55:16 [INFO    ] crawler.crawler - ✓ Match EUW1_7583155857 | 10 participants | 10 bans | v15.21.721.8442 | durée 2370s
2026-09-23 23:55:16 [INFO    ] __main__ - [ 214/264] EUW1_7583155857 inserted (+10 PUUIDs discovered)
2026-09-23 23:55:17 [INFO    ] crawler.crawler - ✓ Match EUW1_7583116367 | 10 participants | 10 bans | v15.21.721.8442 | durée 2400s
2026-09-23 23:55:17 [INFO    ] __main__ - [ 215/264] EUW1_7583116367 inserted (+10 PUUIDs discovered)
2026-09-23 23:55:18 [INFO    ] crawler.crawler - ✓ Match EUW1_7582450705 | 10 participants | 10 bans | v15.21.721.8442 | durée 910s
2026-09-23 23:55:18 [INFO    ] __main__ - [ 216/264] EUW1_7582450705 inserted (+10 PUUIDs discovered)
2026-09-23 23:55:18 [WARNING ] api_client.client - Rate limit atteint [type=application]. Pause de 47s...
2026-09-23 23:56:09 [INFO    ] crawler.crawler - ✓ Match EUW1_7582256670 | 10 participants | 10 bans | v15.21.721.8442 | durée 1898s
2026-09-23 23:56:09 [INFO    ] __main__ - [ 217/264] EUW1_7582256670 inserted (+10 PUUIDs discovered)
2026-09-23 23:56:10 [INFO    ] crawler.crawler - ✓ Match EUW1_7582207019 | 10 participants | 10 bans | v15.21.721.8442 | durée 1388s
2026-09-23 23:56:10 [INFO    ] __main__ - [ 218/264] EUW1_7582207019 inserted (+10 PUUIDs discovered)
2026-09-23 23:56:11 [INFO    ] crawler.crawler - ✓ Match EUW1_7582057020 | 10 participants | 10 bans | v15.21.721.8442 | durée 1862s
2026-09-23 23:56:11 [INFO    ] __main__ - [ 219/264] EUW1_7582057020 inserted (+10 PUUIDs discovered)
2026-09-23 23:56:12 [INFO    ] crawler.crawler - ✓ Match EUW1_7582005968 | 10 participants | 10 bans | v15.21.721.8442 | durée 1775s
2026-09-23 23:56:12 [INFO    ] __main__ - [ 220/264] EUW1_7582005968 inserted (+10 PUUIDs discovered)
2026-09-23 23:56:14 [INFO    ] crawler.crawler - ✓ Match EUW1_7581617290 | 10 participants | 10 bans | v15.21.721.8442 | durée 1714s
2026-09-23 23:56:14 [INFO    ] __main__ - [ 221/264] EUW1_7581617290 inserted (+10 PUUIDs discovered)
2026-09-23 23:56:15 [INFO    ] crawler.crawler - ✓ Match EUW1_7575432837 | 10 participants | 10 bans | v15.20.719.545 | durée 2019s
2026-09-23 23:56:15 [INFO    ] __main__ - [ 222/264] EUW1_7575432837 inserted (+10 PUUIDs discovered)
2026-09-23 23:56:17 [INFO    ] crawler.crawler - ✓ Match EUW1_7575366466 | 10 participants | 10 bans | v15.20.719.545 | durée 2126s
2026-09-23 23:56:17 [INFO    ] __main__ - [ 223/264] EUW1_7575366466 inserted (+10 PUUIDs discovered)
2026-09-23 23:56:18 [INFO    ] crawler.crawler - ✓ Match EUW1_7575295879 | 10 participants | 10 bans | v15.20.719.545 | durée 1791s
2026-09-23 23:56:18 [INFO    ] __main__ - [ 224/264] EUW1_7575295879 inserted (+10 PUUIDs discovered)
2026-09-23 23:56:19 [INFO    ] crawler.crawler - ✓ Match EUW1_7575238674 | 10 participants | 10 bans | v15.20.719.545 | durée 1642s
2026-09-23 23:56:19 [INFO    ] __main__ - [ 225/264] EUW1_7575238674 inserted (+10 PUUIDs discovered)
2026-09-23 23:56:20 [INFO    ] crawler.crawler - ✓ Match EUW1_7574341123 | 10 participants | 10 bans | v15.20.719.545 | durée 1682s
2026-09-23 23:56:20 [INFO    ] __main__ - [ 226/264] EUW1_7574341123 inserted (+10 PUUIDs discovered)
2026-09-23 23:56:22 [INFO    ] crawler.crawler - ✓ Match EUW1_7573240342 | 10 participants | 10 bans | v15.20.719.545 | durée 1772s
2026-09-23 23:56:22 [INFO    ] __main__ - [ 227/264] EUW1_7573240342 inserted (+10 PUUIDs discovered)
2026-09-23 23:56:24 [INFO    ] crawler.crawler - ✓ Match EUW1_7572474910 | 10 participants | 10 bans | v15.20.719.545 | durée 1615s
2026-09-23 23:56:24 [INFO    ] __main__ - [ 228/264] EUW1_7572474910 inserted (+10 PUUIDs discovered)
2026-09-23 23:56:25 [INFO    ] crawler.crawler - ✓ Match EUW1_7572423525 | 10 participants | 10 bans | v15.20.719.545 | durée 2149s
2026-09-23 23:56:25 [INFO    ] __main__ - [ 229/264] EUW1_7572423525 inserted (+10 PUUIDs discovered)
2026-09-23 23:56:27 [INFO    ] crawler.crawler - ✓ Match EUW1_7570261683 | 10 participants | 10 bans | v15.20.719.545 | durée 925s
2026-09-23 23:56:27 [INFO    ] __main__ - [ 230/264] EUW1_7570261683 inserted (+10 PUUIDs discovered)
2026-09-23 23:56:28 [INFO    ] crawler.crawler - ✓ Match EUW1_7570199145 | 10 participants | 10 bans | v15.20.719.545 | durée 2467s
2026-09-23 23:56:28 [INFO    ] __main__ - [ 231/264] EUW1_7570199145 inserted (+10 PUUIDs discovered)
2026-09-23 23:56:29 [INFO    ] crawler.crawler - ✓ Match EUW1_7568704964 | 10 participants | 10 bans | v15.20.719.545 | durée 1740s
2026-09-23 23:56:29 [INFO    ] __main__ - [ 232/264] EUW1_7568704964 inserted (+10 PUUIDs discovered)
2026-09-23 23:56:30 [INFO    ] crawler.crawler - ✓ Match EUW1_7560518364 | 10 participants | 10 bans | v15.20.717.2831 | durée 2990s
2026-09-23 23:56:30 [INFO    ] __main__ - [ 233/264] EUW1_7560518364 inserted (+10 PUUIDs discovered)
2026-09-23 23:56:31 [INFO    ] crawler.crawler - ✓ Match EUW1_7560499813 | 10 participants | 10 bans | v15.20.717.2831 | durée 910s
2026-09-23 23:56:31 [INFO    ] __main__ - [ 234/264] EUW1_7560499813 inserted (+10 PUUIDs discovered)
2026-09-23 23:56:33 [INFO    ] crawler.crawler - ✓ Match EUW1_7559433019 | 10 participants | 10 bans | v15.19.715.1836 | durée 2104s
2026-09-23 23:56:33 [INFO    ] __main__ - [ 235/264] EUW1_7559433019 inserted (+10 PUUIDs discovered)
2026-09-23 23:56:34 [INFO    ] crawler.crawler - ✓ Match EUW1_7558871377 | 10 participants | 10 bans | v15.19.715.1836 | durée 2282s
2026-09-23 23:56:34 [INFO    ] __main__ - [ 236/264] EUW1_7558871377 inserted (+10 PUUIDs discovered)
2026-09-23 23:56:36 [INFO    ] crawler.crawler - ✓ Match EUW1_7556025987 | 10 participants | 10 bans | v15.19.715.1836 | durée 1954s
2026-09-23 23:56:36 [INFO    ] __main__ - [ 237/264] EUW1_7556025987 inserted (+10 PUUIDs discovered)
2026-09-23 23:56:37 [INFO    ] crawler.crawler - ✓ Match EUW1_7555939760 | 10 participants | 10 bans | v15.19.715.1836 | durée 2433s
2026-09-23 23:56:37 [INFO    ] __main__ - [ 238/264] EUW1_7555939760 inserted (+10 PUUIDs discovered)
2026-09-23 23:56:38 [INFO    ] crawler.crawler - ✓ Match EUW1_7555870299 | 10 participants | 10 bans | v15.19.715.1836 | durée 1659s
2026-09-23 23:56:38 [INFO    ] __main__ - [ 239/264] EUW1_7555870299 inserted (+10 PUUIDs discovered)
2026-09-23 23:56:39 [INFO    ] crawler.crawler - ✓ Match EUW1_7555767194 | 10 participants | 10 bans | v15.19.715.1836 | durée 2232s
2026-09-23 23:56:39 [INFO    ] __main__ - [ 240/264] EUW1_7555767194 inserted (+10 PUUIDs discovered)
2026-09-23 23:56:40 [INFO    ] crawler.crawler - ✓ Match EUW1_7555718795 | 10 participants | 10 bans | v15.19.715.1836 | durée 1739s
2026-09-23 23:56:40 [INFO    ] __main__ - [ 241/264] EUW1_7555718795 inserted (+10 PUUIDs discovered)
2026-09-23 23:56:41 [INFO    ] crawler.crawler - ✓ Match EUW1_7545022347 | 10 participants | 10 bans | v15.19.715.1836 | durée 1534s
2026-09-23 23:56:41 [INFO    ] __main__ - [ 242/264] EUW1_7545022347 inserted (+10 PUUIDs discovered)
2026-09-23 23:56:42 [INFO    ] crawler.crawler - ✓ Match EUW1_7544961892 | 10 participants | 10 bans | v15.19.715.1836 | durée 1220s
2026-09-23 23:56:42 [INFO    ] __main__ - [ 243/264] EUW1_7544961892 inserted (+10 PUUIDs discovered)
2026-09-23 23:56:43 [INFO    ] crawler.crawler - ✓ Match EUW1_7544888763 | 10 participants | 10 bans | v15.19.715.1836 | durée 1650s
2026-09-23 23:56:43 [INFO    ] __main__ - [ 244/264] EUW1_7544888763 inserted (+10 PUUIDs discovered)
2026-09-23 23:56:45 [INFO    ] crawler.crawler - ✓ Match EUW1_7540830924 | 10 participants | 10 bans | v15.19.714.7225 | durée 2047s
2026-09-23 23:56:45 [INFO    ] __main__ - [ 245/264] EUW1_7540830924 inserted (+10 PUUIDs discovered)
2026-09-23 23:56:46 [INFO    ] crawler.crawler - ✓ Match EUW1_7540798295 | 10 participants | 10 bans | v15.19.714.7225 | durée 109s
2026-09-23 23:56:46 [INFO    ] __main__ - [ 246/264] EUW1_7540798295 inserted (+10 PUUIDs discovered)
2026-09-23 23:56:47 [INFO    ] crawler.crawler - ✓ Match EUW1_7540745582 | 10 participants | 10 bans | v15.19.714.7225 | durée 941s
2026-09-23 23:56:47 [INFO    ] __main__ - [ 247/264] EUW1_7540745582 inserted (+10 PUUIDs discovered)
2026-09-23 23:56:48 [INFO    ] crawler.crawler - ✓ Match EUW1_7540634027 | 10 participants | 10 bans | v15.19.714.7225 | durée 1749s
2026-09-23 23:56:48 [INFO    ] __main__ - [ 248/264] EUW1_7540634027 inserted (+10 PUUIDs discovered)
2026-09-23 23:56:49 [INFO    ] crawler.crawler - ✓ Match EUW1_7535345252 | 10 participants | 10 bans | v15.18.710.2811 | durée 1838s
2026-09-23 23:56:49 [INFO    ] __main__ - [ 249/264] EUW1_7535345252 inserted (+10 PUUIDs discovered)
2026-09-23 23:56:50 [INFO    ] crawler.crawler - ✓ Match EUW1_7535288390 | 10 participants | 10 bans | v15.18.710.2811 | durée 2294s
2026-09-23 23:56:50 [INFO    ] __main__ - [ 250/264] EUW1_7535288390 inserted (+10 PUUIDs discovered)
2026-09-23 23:56:51 [INFO    ] crawler.crawler - ✓ Match EUW1_7535231869 | 10 participants | 10 bans | v15.18.710.2811 | durée 2292s
2026-09-23 23:56:51 [INFO    ] __main__ - [ 251/264] EUW1_7535231869 inserted (+10 PUUIDs discovered)
2026-09-23 23:56:52 [INFO    ] crawler.crawler - ✓ Match EUW1_7535182123 | 10 participants | 10 bans | v15.18.710.2811 | durée 1912s
2026-09-23 23:56:52 [INFO    ] __main__ - [ 252/264] EUW1_7535182123 inserted (+10 PUUIDs discovered)
2026-09-23 23:56:53 [INFO    ] crawler.crawler - ✓ Match EUW1_7535165370 | 10 participants | 10 bans | v15.18.710.2811 | durée 106s
2026-09-23 23:56:53 [INFO    ] __main__ - [ 253/264] EUW1_7535165370 inserted (+10 PUUIDs discovered)
2026-09-23 23:56:54 [INFO    ] crawler.crawler - ✓ Match EUW1_7534496509 | 10 participants | 10 bans | v15.18.710.2811 | durée 2036s
2026-09-23 23:56:54 [INFO    ] __main__ - [ 254/264] EUW1_7534496509 inserted (+10 PUUIDs discovered)
2026-09-23 23:56:56 [INFO    ] crawler.crawler - ✓ Match EUW1_7534453274 | 10 participants | 10 bans | v15.18.710.2811 | durée 1370s
2026-09-23 23:56:56 [INFO    ] __main__ - [ 255/264] EUW1_7534453274 inserted (+10 PUUIDs discovered)
2026-09-23 23:56:57 [INFO    ] crawler.crawler - ✓ Match EUW1_7517674424 | 10 participants | 10 bans | v15.17.708.5788 | durée 2421s
2026-09-23 23:56:57 [INFO    ] __main__ - [ 256/264] EUW1_7517674424 inserted (+10 PUUIDs discovered)
2026-09-23 23:56:57 [INFO    ] crawler.crawler - ✓ Match EUW1_7517615981 | 10 participants | 10 bans | v15.17.708.5788 | durée 2038s
2026-09-23 23:56:57 [INFO    ] __main__ - [ 257/264] EUW1_7517615981 inserted (+10 PUUIDs discovered)
2026-09-23 23:56:59 [INFO    ] crawler.crawler - ✓ Match EUW1_7513749623 | 10 participants | 10 bans | v15.17.708.5788 | durée 2441s
2026-09-23 23:56:59 [INFO    ] __main__ - [ 258/264] EUW1_7513749623 inserted (+10 PUUIDs discovered)
2026-09-23 23:57:00 [INFO    ] crawler.crawler - ✓ Match EUW1_7513735472 | 10 participants | 10 bans | v15.17.708.5788 | durée 1733s
2026-09-23 23:57:00 [INFO    ] __main__ - [ 259/264] EUW1_7513735472 inserted (+10 PUUIDs discovered)
2026-09-23 23:57:01 [INFO    ] crawler.crawler - ✓ Match EUW1_7513041409 | 10 participants | 10 bans | v15.17.708.5788 | durée 1689s
2026-09-23 23:57:01 [INFO    ] __main__ - [ 260/264] EUW1_7513041409 inserted (+10 PUUIDs discovered)
2026-09-23 23:57:02 [INFO    ] crawler.crawler - ✓ Match EUW1_7504748885 | 10 participants | 10 bans | v15.16.706.7476 | durée 1799s
2026-09-23 23:57:02 [INFO    ] __main__ - [ 261/264] EUW1_7504748885 inserted (+10 PUUIDs discovered)
2026-09-23 23:57:03 [INFO    ] crawler.crawler - ✓ Match EUW1_7504683329 | 10 participants | 10 bans | v15.16.706.7476 | durée 2249s
2026-09-23 23:57:03 [INFO    ] __main__ - [ 262/264] EUW1_7504683329 inserted (+10 PUUIDs discovered)
2026-09-23 23:57:05 [INFO    ] crawler.crawler - ✓ Match EUW1_7504648198 | 10 participants | 10 bans | v15.16.706.7476 | durée 1690s
2026-09-23 23:57:05 [INFO    ] __main__ - [ 263/264] EUW1_7504648198 inserted (+10 PUUIDs discovered)
2026-09-23 23:57:06 [INFO    ] crawler.crawler - ✓ Match EUW1_7504605511 | 10 participants | 10 bans | v15.16.706.7476 | durée 1925s
2026-09-23 23:57:06 [INFO    ] __main__ - [ 264/264] EUW1_7504605511 inserted (+10 PUUIDs discovered)
2026-09-23 23:57:06 [INFO    ] __main__ - +----------------------------------------------+
2026-09-23 23:57:06 [INFO    ] __main__ - | PLAYER FETCH SUMMARY                         |
2026-09-23 23:57:06 [INFO    ] __main__ - +----------------------------------------------+
2026-09-23 23:57:06 [INFO    ] __main__ - | Player : KeytedLN#EUW                        |
2026-09-23 23:57:06 [INFO    ] __main__ - | PUUID  : oy-OT852IuTriZt6KpDFYBA47MPuvl3cdv3... |
2026-09-23 23:57:06 [INFO    ] __main__ - +----------------------------------------------+
2026-09-23 23:57:06 [INFO    ] __main__ - | Matches found in history   :            264 |
2026-09-23 23:57:06 [INFO    ] __main__ - | Already in DB (skipped)    :             10 |
2026-09-23 23:57:06 [INFO    ] __main__ - | Newly inserted             :            254 |
2026-09-23 23:57:06 [INFO    ] __main__ - | Errors                     :              0 |
2026-09-23 23:57:06 [INFO    ] __main__ - +----------------------------------------------+
2026-09-23 23:57:06 [INFO    ] __main__ - | Total matches in DB        :           1259 |
2026-09-23 23:57:06 [INFO    ] __main__ - | Total participants in DB   :          12590 |
2026-09-23 23:57:06 [INFO    ] __main__ - +----------------------------------------------+
